query.11.customer_address.store_returns.1.7.pig
query.11.customer_demographics.store_returns.1.5.pig
query.11.customer.store_returns.1.4.pig
query.11.date_dim.store_returns.1.1.pig
query.11.household_demographics.store_returns.1.6.pig
query.11.item.store_returns.1.3.pig
query.11.reason.store_returns.1.9.pig
query.11.store_returns.date_dim.1.1.pig
query.11.store_returns.household_demographics.6.1.pig
query.11.store_returns.item.3.1.pig
query.11.store_returns.reason.9.1.pig
query.11.store_returns.store.8.1.pig
query.11.store_returns.time_dim.2.1.pig
query.11.store.store_returns.1.8.pig
query.11.time_dim.store_returns.1.2.pig
query.20.catalog_sales.customer_address.7.1.pig
query.20.catalog_sales.customer_demographics.5.1.pig
query.11.customer_address.store_returns.1.7.pig
query.11.customer_demographics.store_returns.1.5.pig
query.11.customer.store_returns.1.4.pig
query.11.date_dim.store_returns.1.1.pig
query.11.household_demographics.store_returns.1.6.pig
query.11.item.store_returns.1.3.pig
query.11.reason.store_returns.1.9.pig
query.11.store_returns.date_dim.1.1.pig
query.11.store_returns.household_demographics.6.1.pig
query.11.store_returns.item.3.1.pig
query.11.store_returns.reason.9.1.pig
query.11.store_returns.store.8.1.pig
query.11.store_returns.time_dim.2.1.pig
query.11.store.store_returns.1.8.pig
query.11.time_dim.store_returns.1.2.pig
query.20.catalog_sales.customer_address.7.1.pig
query.20.catalog_sales.customer_demographics.5.1.pig
query.11.customer_address.store_returns.1.7.pig
query.11.customer_demographics.store_returns.1.5.pig
query.11.customer.store_returns.1.4.pig
query.11.date_dim.store_returns.1.1.pig
query.11.household_demographics.store_returns.1.6.pig
query.11.item.store_returns.1.3.pig
query.11.reason.store_returns.1.9.pig
query.11.store_returns.date_dim.1.1.pig
query.11.store_returns.household_demographics.6.1.pig
query.11.store_returns.item.3.1.pig
query.11.store_returns.reason.9.1.pig
query.11.store_returns.store.8.1.pig
query.11.store_returns.time_dim.2.1.pig
query.11.store.store_returns.1.8.pig
query.11.time_dim.store_returns.1.2.pig
query.20.catalog_sales.customer_address.7.1.pig
query.20.catalog_sales.customer_demographics.5.1.pig
query.11.customer_address.store_returns.1.7.pig
query.11.customer_demographics.store_returns.1.5.pig
query.11.customer.store_returns.1.4.pig
query.11.date_dim.store_returns.1.1.pig
query.11.household_demographics.store_returns.1.6.pig
query.11.item.store_returns.1.3.pig
query.11.reason.store_returns.1.9.pig
query.11.store_returns.date_dim.1.1.pig
query.11.store_returns.household_demographics.6.1.pig
query.11.store_returns.item.3.1.pig
query.11.store_returns.reason.9.1.pig
query.11.store_returns.store.8.1.pig
query.11.store_returns.time_dim.2.1.pig
query.11.store.store_returns.1.8.pig
query.11.time_dim.store_returns.1.2.pig
query.20.catalog_sales.customer_address.7.1.pig
query.20.catalog_sales.customer_demographics.5.1.pig
query.11.customer_address.store_returns.1.7.pig
query.11.customer_demographics.store_returns.1.5.pig
query.11.customer.store_returns.1.4.pig
query.11.date_dim.store_returns.1.1.pig
query.11.household_demographics.store_returns.1.6.pig
query.11.item.store_returns.1.3.pig
query.11.reason.store_returns.1.9.pig
query.11.store_returns.date_dim.1.1.pig
query.11.store_returns.household_demographics.6.1.pig
query.11.store_returns.item.3.1.pig
query.11.store_returns.reason.9.1.pig
query.11.store_returns.store.8.1.pig
query.11.store_returns.time_dim.2.1.pig
query.11.store.store_returns.1.8.pig
query.11.time_dim.store_returns.1.2.pig
query.20.catalog_sales.customer_address.7.1.pig
query.20.catalog_sales.customer_demographics.5.1.pig
