query.21.catalog_sales.customer.4.1.pig
query.21.catalog_sales.time_dim.2.1.pig
query.21.catalog_sales.time_dime.2.1.pig
query.21.catalog_sales.warehouse.15.1.pig
query.22.catalog_returns.call_center.12.1.pig
query.22.catalog_returns.catalog_page.13.1.pig
query.22.catalog_returns.customer.4.1.pig
query.22.catalog_returns.customer_address.7.1.pig
query.22.catalog_returns.customer_demographics.5.1.pig
query.22.catalog_returns.date_dim.1.1.pig
query.22.catalog_returns.household_demographics.6.1.pig
query.22.catalog_returns.item.3.1.pig
query.22.catalog_returns.reason.16.1.pig
query.22.catalog_returns.ship_mode.14.1.pig
query.22.catalog_returns.time_dim.2.1.pig
query.22.catalog_returns.warehouse.15.1.pig
query.31.catalog_page.catalog_page.2.2.pig
query.31.catalog_returns.catalog_returns.17.17.pig
query.31.customer_address.customer_address.1.1.pig
query.31.inventory.inventory.2.2.pig
query.31.ship_mode.ship_mode.1.1.pig
query.31.store_returns.store_returns.1.1.pig
query.31.store_sales.store_sales.10.10.pig
query.31.web_page.web_page.2.2.pig
query.31.web_returns.web_returns.3.3.pig
query.31.web_sales.web_sales.1.1.pig
query.31.web_sales.web_sales.5.5.pig
query.31.web_site.web_site.2.2.pig
query.33.catalog_sales.catalog_sales.18.18.pig
query.33.customer.customer.2.2.pig
query.33.customer_demographics.customer_demographics.1.1.pig
query.33.date_dim.date_dim.2.2.pig
query.33.household_demographics.household_demographics.1.1.pig
query.33.item.item.2.2.pig
query.21.catalog_sales.customer.4.1.pig
query.21.catalog_sales.time_dim.2.1.pig
query.21.catalog_sales.time_dime.2.1.pig
query.21.catalog_sales.warehouse.15.1.pig
query.22.catalog_returns.call_center.12.1.pig
query.22.catalog_returns.catalog_page.13.1.pig
query.22.catalog_returns.customer.4.1.pig
query.22.catalog_returns.customer_address.7.1.pig
query.22.catalog_returns.customer_demographics.5.1.pig
query.22.catalog_returns.date_dim.1.1.pig
query.22.catalog_returns.household_demographics.6.1.pig
query.22.catalog_returns.item.3.1.pig
query.22.catalog_returns.reason.16.1.pig
query.22.catalog_returns.ship_mode.14.1.pig
query.22.catalog_returns.time_dim.2.1.pig
query.22.catalog_returns.warehouse.15.1.pig
query.31.catalog_page.catalog_page.2.2.pig
query.31.catalog_returns.catalog_returns.17.17.pig
query.31.customer_address.customer_address.1.1.pig
query.31.inventory.inventory.2.2.pig
query.31.ship_mode.ship_mode.1.1.pig
query.31.store_returns.store_returns.1.1.pig
query.31.store_sales.store_sales.10.10.pig
query.31.web_page.web_page.2.2.pig
query.31.web_returns.web_returns.3.3.pig
query.31.web_sales.web_sales.1.1.pig
query.31.web_sales.web_sales.5.5.pig
query.31.web_site.web_site.2.2.pig
query.33.catalog_sales.catalog_sales.18.18.pig
query.33.customer.customer.2.2.pig
query.33.customer_demographics.customer_demographics.1.1.pig
query.33.date_dim.date_dim.2.2.pig
query.33.household_demographics.household_demographics.1.1.pig
query.33.item.item.2.2.pig
query.21.catalog_sales.customer.4.1.pig
query.21.catalog_sales.time_dim.2.1.pig
query.21.catalog_sales.time_dime.2.1.pig
query.21.catalog_sales.warehouse.15.1.pig
query.22.catalog_returns.call_center.12.1.pig
query.22.catalog_returns.catalog_page.13.1.pig
query.22.catalog_returns.customer.4.1.pig
query.22.catalog_returns.customer_address.7.1.pig
query.22.catalog_returns.customer_demographics.5.1.pig
query.22.catalog_returns.date_dim.1.1.pig
query.22.catalog_returns.household_demographics.6.1.pig
query.22.catalog_returns.item.3.1.pig
query.22.catalog_returns.reason.16.1.pig
query.22.catalog_returns.ship_mode.14.1.pig
query.22.catalog_returns.time_dim.2.1.pig
query.22.catalog_returns.warehouse.15.1.pig
query.31.catalog_page.catalog_page.2.2.pig
query.31.catalog_returns.catalog_returns.17.17.pig
query.31.customer_address.customer_address.1.1.pig
query.31.inventory.inventory.2.2.pig
query.31.ship_mode.ship_mode.1.1.pig
query.31.store_returns.store_returns.1.1.pig
query.31.store_sales.store_sales.10.10.pig
query.31.web_page.web_page.2.2.pig
query.31.web_returns.web_returns.3.3.pig
query.31.web_sales.web_sales.1.1.pig
query.31.web_sales.web_sales.5.5.pig
query.31.web_site.web_site.2.2.pig
query.33.catalog_sales.catalog_sales.18.18.pig
query.33.customer.customer.2.2.pig
query.33.customer_demographics.customer_demographics.1.1.pig
query.33.date_dim.date_dim.2.2.pig
query.33.household_demographics.household_demographics.1.1.pig
query.33.item.item.2.2.pig
